org.ow2.asm:asm:7.1
  Variant compile:
    | Attribute Name                 | Provided | Requested    |
    |--------------------------------|----------|--------------|
    | org.gradle.status              | release  |              |
    | org.gradle.category            | library  | library      |
    | org.gradle.dependency.bundling | external | external     |
    | org.gradle.libraryelements     | jar      | classes      |
    | org.gradle.usage               | java-api | java-api     |
    | org.gradle.jvm.environment     |          | standard-jvm |
    | org.gradle.jvm.version         |          | 11           |
   Selection reasons:
      - Was requested: we require a JDK 9 compatible bytecode generator

org.ow2.asm:asm:7.1
\--- compileClasspath

A web-based, searchable dependency report is available by adding the --scan option.
